2026-04-01 20:34:51 | ERROR    | mt5_collector        | mt5_collector.py:184 | Symbol 'USTech' not found
2026-04-01 20:34:51 | ERROR    | mt5_collector.collection | logger.py:259 | Symbol 'USTech' not available
2026-04-01 20:36:33 | ERROR    | mt5_collector.collection | logger.py:257 | Error during data collection: 'DatabaseManager' object has no attribute 'get_session_summary': 'DatabaseManager' object has no attribute 'get_session_summary'
Traceback (most recent call last):
  File "F:\MT5-Collector\mt5_collector.py", line 522, in run
    results['session_summary'] = self.db.get_session_summary()
                                 ^^^^^^^^^^^^^^^^^^^^^^^^^^^
AttributeError: 'DatabaseManager' object has no attribute 'get_session_summary'
2026-04-01 20:38:46 | ERROR    | mt5_collector.collection | logger.py:257 | Error during data collection: 'DatabaseManager' object has no attribute 'get_session_summary': 'DatabaseManager' object has no attribute 'get_session_summary'
Traceback (most recent call last):
  File "F:\MT5-Collector\mt5_collector.py", line 522, in run
    results['session_summary'] = self.db.get_session_summary()
                                 ^^^^^^^^^^^^^^^^^^^^^^^^^^^
AttributeError: 'DatabaseManager' object has no attribute 'get_session_summary'
2026-04-21 19:15:02 | ERROR    | mt5_collector        | mt5_collector.py:533 | Collection error: cannot change name of view column "direction" to "spread"
HINT:  Use ALTER VIEW ... RENAME COLUMN ... to change name of view column instead.
Traceback (most recent call last):
  File "F:\MT5-Collector\mt5_collector.py", line 508, in run
    self.db.setup_schema()
  File "F:\MT5-Collector\database.py", line 198, in setup_schema
    self.create_view()
  File "F:\MT5-Collector\database.py", line 163, in create_view
    cursor.execute(create_view_sql)
psycopg2.errors.InvalidTableDefinition: cannot change name of view column "direction" to "spread"
HINT:  Use ALTER VIEW ... RENAME COLUMN ... to change name of view column instead.

2026-06-15 20:48:00 | ERROR    | mt5_collector        | price_collector.py:135 | MT5 login failed: (-6, 'Terminal: Authorization failed')
2026-06-15 20:48:37 | ERROR    | mt5_collector        | price_collector.py:125 | MT5 init failed: (-6, 'Terminal: Authorization failed')
